A51 MACRO ASSEMBLER  TEXT2                                                                06/22/2017 15:00:20 PAGE     1


MACRO ASSEMBLER A51 V8.02b
OBJECT MODULE PLACED IN .\Objects\text2.obj
ASSEMBLER INVOKED BY: C:\Keil_v5\C51\BIN\A51.EXE H:\text2.asm SET(SMALL) DEBUG PRINT(.\Listings\text2.lst) OBJECT(.\Obje
                      cts\text2.obj) EP

LOC  OBJ            LINE     SOURCE

0000                   1     ORG  0000H
0000 020100            2       LJMP BEGIN
                       3     
  00A0                 4             SCL                     EQU    0A0h     ;IN THIS EXAMPLE I USED PORT 2.0
  00A1                 5             SDA                     EQU    0A1h     ;AND PORT 2.1 FOR THE I2C LINES
                       6                                                     ;YOU CAN CHANGE THEM TO WHATEVER ACCEPTABLE
                       7     
                       8     ;===================================================================================
                       9     ;=====THE READ AND WRITE COMMANDS (0D0H AND 0D1H)
                      10     
  00D0                11             CONT_BYTE_W             EQU     11010000B
  00D1                12             CONT_BYTE_R             EQU     11010001B
                      13     
                      14     ;===================================================================================
                      15     
0060                  16             ORG    0060H
                      17     
                      18     ;===================================================================================
                      19     ;=====ADD_LOW IS THE DPL, THIS IS THE ADDRESS INISDE THE DS1307
                      20     ;=====DAVAVA IS THE VARIABLE TO STORE DATA WHEN IT GETS BACK FROM THE DS1307
                      21        
  0061                22             DAVAVA          EQU 61H
  0060                23             ADD_LOWL        EQU 60H
  0062                24             memory_address1 EQU 62H
  0063                25             memory_address2 EQU 63H
  0064                26             eeprom_data     EQU 64H
                      27     ;===================================================================================
                      28     ;=====VARIABLES TO STORE THE TIME IN, COULD BE USED ALSO TO STORE DATA TO WRITE ON DS1307
                      29     
  0050                30             SEC                         EQU 50H
  0051                31             MIN                 EQU 51H
  0052                32         HOURS                       EQU     52H
  0067                33             DAY                     EQU     67H
  0053                34             COUNT                   EQU     53H
  0054                35             COUNT1                  EQU 54H
  0055                36             COUNT2          EQU 55H
  0056                37             COUNT3          EQU 56H
  0059                38             COUNT4          EQU 59H
  0057                39             HOURS1                  EQU 57H
  0058                40             MIN1            EQU 58H
  0064                41             COUNT5          EQU 64H
  006B                42             COUNT7          EQU 6BH
  0062                43             hours2                  EQU     62H
  0063                44             mins2           EQU 63H
  0069                45              days           EQU 69H
  006A                46        COUNT6           EQU 6AH
  0068                47        COUNT8           EQU 68H
  0066                48        COUNT9           EQU 66H
  007C                49        PA1              EQU 7CH
  0000                50        MEM_VAL                      EQU     00H
0100                  51             ORG    0100H
                      52     
                      53     
                      54     
0100 1201ED           55     BEGIN:      LCALL       INTI
0103 C2A0             56                         CLR SCL
0105 C2A1             57                         CLR SDA
A51 MACRO ASSEMBLER  TEXT2                                                                06/22/2017 15:00:20 PAGE     2

0107 C2A2             58                 CLR 0a2h
0109 C2B7             59                             CLR P3.7
010B 00               60                         NOP
010C D2A0             61                         SETB        SCL
010E D2A1             62                         SETB        SDA
0110 00               63                         NOP
0111 C200             64                             CLR     MEM_VAL
0113 12012D           65                         LCALL DISP_WELCOME
0116 120196           66                             LCALL DELAY_1SEC
                      67                             
0119 120147           68                             LCALL DISP_BELL_SYSTEM
                      69                              
                      70                             
011C 200003           71                             JB      MEM_VAL , MEM_ENTRY
                      72                             
011F 12039B           73                             LCALL   DELAY_3SEC
0122 12020C           74     MEM_ENTRY:      LCALL   READ_RTC
0125 12029F           75                 LCALL       DISP_SYSTEM_BELL_TIME
0128 12013A           76                             LCALL   DISP_NXT_BELL_MSG
012B 80F5             77                             SJMP    MEM_ENTRY
                      78     
                      79     
                      80     
                      81     
                      82                              
                      83     
                      84                         
                      85                     
                      86                             
012D 12015A           87     DISP_WELCOME:LCALL FIRST
0130 9003A3           88                              MOV DPTR,#WELCOME1
0133 1201A3           89                              LCALL DISPCH2
0136 120196           90                  LCALL DELAY_1SEC
                      91                              
0139 22               92                             RET
013A 120160           93     DISP_NXT_BELL_MSG:LCALL SECOND
013D 9003C2           94                              MOV DPTR,#WELCOME52
0140 1201A3           95                              LCALL DISPCH2
0143 120196           96                  LCALL DELAY_1SEC
                      97                              
0146 22               98                              RET
                      99     
                     100     
                     101     
                     102                              
0147 12015A          103      DISP_BELL_SYSTEM:LCALL FIRST
014A 9003B2          104                              MOV DPTR,#WELCOME51
014D 1201A3          105                              LCALL DISPCH2
0150 120196          106                  LCALL DELAY_1SEC
                     107                              
0153 22              108                              RET
                     109     
0154 7401            110      CLEAR:MOV A,#01H
0156 1201AA          111           LCALL CMD
0159 22              112               RET
015A 7480            113     FIRST:MOV A,#80H
015C 1201AA          114           LCALL CMD
015F 22              115               RET
0160 74C0            116     SECOND:MOV A,#0C0H
0162 1201AA          117           LCALL CMD
0165 22              118               RET
0166 74C1            119     THIRD:MOV A,#0C1H
0168 1201AA          120           LCALL CMD
016B 22              121           RET
016C 74C2            122     FOURTH:MOV A,#0C2H
016E 1201AA          123           LCALL CMD
A51 MACRO ASSEMBLER  TEXT2                                                                06/22/2017 15:00:20 PAGE     3

0171 22              124           RET
0172 74C3            125     FIFTH:MOV A,#0C3H
0174 1201AA          126           LCALL CMD
0177 22              127           RET
                     128     
                     129     
                     130     
                     131     
                     132                       
0178 7480            133     ONE:MOV A,#80H
017A 1201AA          134           LCALL CMD
017D 22              135               RET
017E 7481            136     TWO:MOV A,#081H
0180 1201AA          137           LCALL CMD
0183 22              138               RET
0184 7482            139     THREE:MOV A,#082H
0186 1201AA          140           LCALL CMD
0189 22              141           RET
018A 7483            142     FOUR:MOV A,#083H
018C 1201AA          143           LCALL CMD
018F 22              144           RET
0190 7484            145     FIVE:MOV A,#084H
0192 1201AA          146           LCALL CMD
0195 22              147           RET
                     148     
                     149                                                               
                     150     
                     151     
0196 7F0A            152     DELAY_1SEC:MOV R7,#10   
0198 7EFF            153     HERE4:  MOV R6,#0ffh                      ;delay routine for firing
019A 7DFF            154     HERE31: MOV     R5,#0ffH
019C DDFE            155     REPEAT1:DJNZ    R5,REPEAT1
019E DEFA            156             DJNZ    R6,HERE31
01A0 DFF6            157                 DJNZ        R7,HERE4        
01A2 22              158             RET
                     159     
01A3 00              160     DISPCH2:nop
01A4 E4              161     UP11:   CLR A
01A5 93              162             MOVC A,@A+DPTR  ;use lookup table to get ascii character
01A6 B40F20          163             CJNE A,#0FH,SKIP
01A9 22              164             RET
                     165             
                     166                     
01AA 1201B8          167     CMD:    LCALL READY
01AD F580            168             MOV  80H,A
01AF C2A5            169             CLR 0A5H        ; low on RS
01B1 C2A6            170             CLR 0A6H
01B3 D2A7            171             SETB 0A7H        ; high to low on En line
01B5 C2A7            172             CLR 0A7H
01B7 22              173             RET
                     174     
01B8 C2A7            175     READY:  CLR     0A7H  ;read busy flag
01BA 7580FF          176             MOV     80H,#0FFH
01BD C2A5            177             CLR     0A5H
01BF D2A6            178             SETB    0A6H
01C1 C2A7            179     WAIT:   CLR     0A7H
01C3 D2A7            180             SETB    0A7H
01C5 2087F9          181             JB      87H,WAIT
01C8 22              182             RET
                     183     
                     184     
01C9 A3              185     SKIP:   INC DPTR
01CA 1201DF          186             LCALL  DISP
01CD 80D5            187             SJMP UP11
01CF E540            188     UNPACK:MOV A,40h
01D1 540F            189             ANL     A,#0FH
A51 MACRO ASSEMBLER  TEXT2                                                                06/22/2017 15:00:20 PAGE     4

01D3 2430            190             ADD     A,#30h
01D5 FA              191             MOV     R2,A
01D6 E540            192             MOV A,40h       
01D8 C4              193             SWAP    A
01D9 540F            194             ANL     A,#0FH
01DB 2430            195             ADD     A,#30H
01DD FB              196             MOV     R3,A
01DE 22              197             RET
                     198     
                     199     
                     200             
01DF 1201B8          201     DISP:LCALL      READY
                     202                                                         ;DISPLAY SINGLE CHAR
01E2 F580            203             MOV  80H, A
01E4 D2A5            204             SETB    0A5H     ; high RS
01E6 C2A6            205             CLR     0A6H    ;; low RW
01E8 D2A7            206             SETB    0A7H    ; high to low En 
01EA C2A7            207             CLR     0A7H
                     208     
01EC 22              209             RET
                     210     
                     211     
01ED 743C            212     INTI:   MOV A,#3CH      ;refer manual for the bit meaning
01EF 1201AA          213             LCALL CMD
01F2 743C            214             MOV A,#3CH
01F4 1201AA          215             LCALL CMD
01F7 743C            216             MOV A,#3CH
01F9 1201AA          217             LCALL CMD
01FC 740C            218             MOV A,#0CH
01FE 1201AA          219             LCALL  CMD
0201 7406            220             MOV A,#06H
0203 1201AA          221             LCALL  CMD
0206 7401            222             MOV A,#01
0208 1201AA          223             LCALL CMD
020B 22              224             RET
                     225     
020C                 226     READ_RTC:
                     227                                        
                     228     ;==================================================READS MINUTES
020C 756001          229                             MOV     ADD_LOWL,#01h
020F 120249          230                             LCALL   READ_BYTE
0212 856151          231                             MOV     MIN,DAVAVA
0215 120231          232                             LCALL   I2C_STOP
                     233     
0218 756002          234                             MOV     ADD_LOWL,#02h
021B 120249          235                             LCALL   READ_BYTE
021E 856152          236                             MOV     HOURS,DAVAVA
0221 120231          237                             LCALL   I2C_STOP
                     238     
0224 756003          239                              MOV     ADD_LOWL,#03h
0227 120249          240                             LCALL   READ_BYTE
022A 856167          241                             MOV     DAY,DAVAVA
022D 120231          242                             LCALL   I2C_STOP
                     243     
                     244     ;==================================================READS HOURS
                     245                     
0230 22              246                     RET
                     247                             
0231                 248     I2C_Stop:
0231 C2A1            249             CLR       SDA
0233 D2A0            250             SETB      SCL
0235 00              251             NOP
0236 D2A1            252             SETB      SDA
0238 22              253             RET
0239 C002            254     LOOP_BYTE:             PUSH    02H
023B 7A08            255                            MOV     R2,#08H
A51 MACRO ASSEMBLER  TEXT2                                                                06/22/2017 15:00:20 PAGE     5

023D 33              256     LOOP_SEND:             RLC     A
023E 92A1            257                            MOV     SDA,C
0240 D2A0            258                            SETB    SCL
0242 C2A0            259                            CLR     SCL
0244 DAF7            260                            DJNZ    R2,LOOP_SEND
0246 D002            261                            POP     02H
0248 22              262                            RET
                     263     
                     264                             ;******************************************************
0249 C2A1            265     READ_BYTE:             CLR     SDA                   ;start bit
024B C2A0            266                            CLR     SCL
024D 74D0            267                            MOV     A,#CONT_BYTE_W        ;send control byte
024F 120239          268                            LCALL   LOOP_BYTE
0252 D2A1            269                            SETB    SDA
0254 D2A0            270                            SETB    SCL
0256 20A1F0          271                            JB      SDA,READ_BYTE         ;loop until busy
0259 C2A0            272                            CLR     SCL
025B E560            273                            MOV     A,ADD_LOWL             ;send address low
025D 120239          274                            LCALL   LOOP_BYTE
0260 D2A1            275                            SETB    SDA
0262 D2A0            276                            SETB    SCL
0264 20A1E2          277                            JB      SDA,READ_BYTE         ;loop until busy
0267 C2A0            278                            CLR     SCL
                     279     
0269 D2A0            280                            SETB    SCL
026B D2A1            281                            SETB    SDA
026D C2A1            282                            CLR     SDA                   ;start bit
026F C2A0            283                            CLR     SCL
0271 74D1            284                            MOV     A,#CONT_BYTE_R        ;send control byte
0273 120239          285                            LCALL   LOOP_BYTE
0276 D2A1            286                            SETB    SDA
0278 D2A0            287                            SETB    SCL
027A 20A1CC          288                            JB      SDA,READ_BYTE         ;loop until busy
027D C2A0            289                            CLR     SCL
027F 12028D          290                            LCALL   LOOP_READ
0282 D2A1            291                            SETB    SDA
0284 D2A0            292                            SETB    SCL
0286 C2A0            293                            CLR     SCL
                     294     
0288 D2A0            295                            SETB    SCL                   ;stop bit
028A D2A1            296                            SETB    SDA
028C 22              297                            RET
                     298     ;*****************************************************
028D C002            299     LOOP_READ:             PUSH   02H
028F 7A08            300                            MOV    R2,#08H
0291 D2A0            301     LOOP_READ1:            SETB   SCL
0293 A2A1            302                            MOV    C,SDA
0295 C2A0            303                            CLR    SCL
0297 33              304                            RLC    A
0298 DAF7            305                            DJNZ   R2,LOOP_READ1
029A F561            306                            MOV    DAVAVA,A
029C D002            307                            POP    02H
029E 22              308                            RET
                     309     
                     310     
029F                 311     DISP_SYSTEM_BELL_TIME:
029F 1202A8          312                           LCALL DISP_TIME
02A2 120357          313                                               LCALL DAYDP5
02A5 12037A          314                                               LCALL DAYDP3
                     315                                             
                     316     
02A8                 317     DISP_TIME:
02A8 E567            318     MOV     A,DAY
02AA 9002E7          319             MOV      DPTR,#MSG1
02AD B40102          320             CJNE    A,#01,NXT2
02B0 802E            321             SJMP    DAYDP
A51 MACRO ASSEMBLER  TEXT2                                                                06/22/2017 15:00:20 PAGE     6

02B2 9002F7          322     NXT2:   MOV      DPTR,#MSG2
02B5 B40202          323             CJNE    A,#02,NXT3
02B8 8026            324             SJMP    DAYDP
02BA 900307          325     NXT3:   MOV      DPTR,#MSG3
02BD B40302          326             CJNE    A,#03,NXT4
02C0 801E            327             SJMP    DAYDP
02C2 900317          328     NXT4:   MOV      DPTR,#MSG4
02C5 B40402          329             CJNE    A,#04,NXT5
02C8 8016            330             SJMP    DAYDP
02CA 900327          331     NXT5:   MOV      DPTR,#MSG5
02CD B40502          332             CJNE    A,#05,NXT9
02D0 800E            333             SJMP    DAYDP
                     334     
02D2 900337          335     NXT9:   MOV      DPTR,#MSG6
02D5 B40602          336             CJNE    A,#06,NXT10
02D8 8006            337             SJMP    DAYDP
02DA 900347          338     NXT10:  MOV      DPTR,#MSG7
02DD B40700          339             CJNE    A,#07,DAYDP
02E0                 340     DAYDP:
02E0 12015A          341     LCALL FIRST
02E3 1201A3          342     LCALL   DISPCH2
02E6 22              343      RET
                     344     
                     345     
02E7 20202020        346      MSG1:  DB '       SUN_DAY ',0FH
02EB 20202053                
02EF 554E5F44                
02F3 4159200F                
02F7 20202020        347     MSG2:   DB '       MON_DAY ',0FH
02FB 2020204D                
02FF 4F4E5F44                
0303 4159200F                
0307 20202020        348     MSG3:   DB '       TUE_DAY ',0FH
030B 20202054                
030F 55455F44                
0313 4159200F                
0317 20202020        349     MSG4:   DB '       WED_DAY ',0FH
031B 20202057                
031F 45445F44                
0323 4159200F                
0327 20202020        350     MSG5:   DB '       THU_DAY ',0FH
032B 20202054                
032F 48555F44                
0333 4159200F                
0337 20202020        351     MSG6:   DB '       FRI_DAY ',0FH
033B 20202046                
033F 52495F44                
0343 4159200F                
0347 20202020        352     MSG7:   DB '       SAT_DAY ',0FH
034B 20202053                
034F 41545F44                
0353 4159200F                
                     353             
                     354     
0357                 355     DAYDP5: 
0357 855240          356     MOV     40H,HOURS
035A E540            357                 MOV A,40H
035C 541F            358                     ANL     A,#1FH
035E F540            359                     MOV     40H,A
0360 1201CF          360                     LCALL   UNPACK
0363 12017E          361                 LCALL TWO
0366 EB              362                     MOV     A,R3
0367 1201DF          363                     LCALL  DISP
036A 120184          364                     LCALL THREE
036D EA              365                         MOV A,R2
036E 1201DF          366                     LCALL  DISP
A51 MACRO ASSEMBLER  TEXT2                                                                06/22/2017 15:00:20 PAGE     7

0371 12018A          367                 LCALL FOUR
0374 743A            368                     MOV     A,#':'
0376 1201DF          369                     LCALL  DISP
0379 22              370                             RET
037A 855140          371       DAYDP3:          MOV  40H,MIN
037D 1201CF          372                     LCALL UNPACK
0380 120190          373                     LCALL FIVE
0383 EB              374                     MOV     A,R3
0384 1201DF          375                     LCALL  DISP
                     376                             
                     377                             
0387 7485            378                     MOV A,#085H
0389 1201AA          379                         LCALL CMD
038C EA              380                         MOV A,R2
038D 1201DF          381                     LCALL  DISP
0390 7486            382                         MOV A,#086H
0392 1201AA          383                         LCALL CMD
0395 7420            384                     MOV     A,#' '
0397 1201DF          385                     LCALL  DISP
039A 22              386                             RET
039B 7803            387     DELAY_3SEC:     MOV R0,#03
039D 120196          388     MAKEDELAY:              LCALL   DELAY_1SEC
03A0 D8FB            389                                     DJNZ    R0,MAKEDELAY
03A2 22              390                                     RET     
                     391     
                     392     
03A3 20202020        393     welcome1:   db '    WELCOME!  ',0fh
03A7 57454C43                
03AB 4F4D4521                
03AF 20200F                  
03B2 20204245        394     welcome51:  db '  BELL SYSTEM  ',0fh
03B6 4C4C2053                
03BA 59535445                
03BE 4D20200F                
03C2 4E585420        395     welcome52:  db 'NXT BELTME:     ',0fh
03C6 42454C54                
03CA 4D453A20                
03CE 20202020                
03D2 0F                      
                     396     END
A51 MACRO ASSEMBLER  TEXT2                                                                06/22/2017 15:00:20 PAGE     8

SYMBOL TABLE LISTING
------ ----- -------


N A M E                T Y P E  V A L U E   ATTRIBUTES

ADD_LOWL. . . . . . .  N NUMB   0060H   A   
BEGIN . . . . . . . .  C ADDR   0100H   A   
CLEAR . . . . . . . .  C ADDR   0154H   A   
CMD . . . . . . . . .  C ADDR   01AAH   A   
CONT_BYTE_R . . . . .  N NUMB   00D1H   A   
CONT_BYTE_W . . . . .  N NUMB   00D0H   A   
COUNT . . . . . . . .  N NUMB   0053H   A   
COUNT1. . . . . . . .  N NUMB   0054H   A   
COUNT2. . . . . . . .  N NUMB   0055H   A   
COUNT3. . . . . . . .  N NUMB   0056H   A   
COUNT4. . . . . . . .  N NUMB   0059H   A   
COUNT5. . . . . . . .  N NUMB   0064H   A   
COUNT6. . . . . . . .  N NUMB   006AH   A   
COUNT7. . . . . . . .  N NUMB   006BH   A   
COUNT8. . . . . . . .  N NUMB   0068H   A   
COUNT9. . . . . . . .  N NUMB   0066H   A   
DAVAVA. . . . . . . .  N NUMB   0061H   A   
DAY . . . . . . . . .  N NUMB   0067H   A   
DAYDP . . . . . . . .  C ADDR   02E0H   A   
DAYDP3. . . . . . . .  C ADDR   037AH   A   
DAYDP5. . . . . . . .  C ADDR   0357H   A   
DAYS. . . . . . . . .  N NUMB   0069H   A   
DELAY_1SEC. . . . . .  C ADDR   0196H   A   
DELAY_3SEC. . . . . .  C ADDR   039BH   A   
DISP. . . . . . . . .  C ADDR   01DFH   A   
DISPCH2 . . . . . . .  C ADDR   01A3H   A   
DISP_BELL_SYSTEM. . .  C ADDR   0147H   A   
DISP_NXT_BELL_MSG . .  C ADDR   013AH   A   
DISP_SYSTEM_BELL_TIME  C ADDR   029FH   A   
DISP_TIME . . . . . .  C ADDR   02A8H   A   
DISP_WELCOME. . . . .  C ADDR   012DH   A   
EEPROM_DATA . . . . .  N NUMB   0064H   A   
FIFTH . . . . . . . .  C ADDR   0172H   A   
FIRST . . . . . . . .  C ADDR   015AH   A   
FIVE. . . . . . . . .  C ADDR   0190H   A   
FOUR. . . . . . . . .  C ADDR   018AH   A   
FOURTH. . . . . . . .  C ADDR   016CH   A   
HERE31. . . . . . . .  C ADDR   019AH   A   
HERE4 . . . . . . . .  C ADDR   0198H   A   
HOURS . . . . . . . .  N NUMB   0052H   A   
HOURS1. . . . . . . .  N NUMB   0057H   A   
HOURS2. . . . . . . .  N NUMB   0062H   A   
I2C_STOP. . . . . . .  C ADDR   0231H   A   
INTI. . . . . . . . .  C ADDR   01EDH   A   
LOOP_BYTE . . . . . .  C ADDR   0239H   A   
LOOP_READ . . . . . .  C ADDR   028DH   A   
LOOP_READ1. . . . . .  C ADDR   0291H   A   
LOOP_SEND . . . . . .  C ADDR   023DH   A   
MAKEDELAY . . . . . .  C ADDR   039DH   A   
MEMORY_ADDRESS1 . . .  N NUMB   0062H   A   
MEMORY_ADDRESS2 . . .  N NUMB   0063H   A   
MEM_ENTRY . . . . . .  C ADDR   0122H   A   
MEM_VAL . . . . . . .  N NUMB   0000H   A   
MIN . . . . . . . . .  N NUMB   0051H   A   
MIN1. . . . . . . . .  N NUMB   0058H   A   
MINS2 . . . . . . . .  N NUMB   0063H   A   
MSG1. . . . . . . . .  C ADDR   02E7H   A   
MSG2. . . . . . . . .  C ADDR   02F7H   A   
MSG3. . . . . . . . .  C ADDR   0307H   A   
MSG4. . . . . . . . .  C ADDR   0317H   A   
A51 MACRO ASSEMBLER  TEXT2                                                                06/22/2017 15:00:20 PAGE     9

MSG5. . . . . . . . .  C ADDR   0327H   A   
MSG6. . . . . . . . .  C ADDR   0337H   A   
MSG7. . . . . . . . .  C ADDR   0347H   A   
NXT10 . . . . . . . .  C ADDR   02DAH   A   
NXT2. . . . . . . . .  C ADDR   02B2H   A   
NXT3. . . . . . . . .  C ADDR   02BAH   A   
NXT4. . . . . . . . .  C ADDR   02C2H   A   
NXT5. . . . . . . . .  C ADDR   02CAH   A   
NXT9. . . . . . . . .  C ADDR   02D2H   A   
ONE . . . . . . . . .  C ADDR   0178H   A   
P3. . . . . . . . . .  D ADDR   00B0H   A   
PA1 . . . . . . . . .  N NUMB   007CH   A   
READY . . . . . . . .  C ADDR   01B8H   A   
READ_BYTE . . . . . .  C ADDR   0249H   A   
READ_RTC. . . . . . .  C ADDR   020CH   A   
REPEAT1 . . . . . . .  C ADDR   019CH   A   
SCL . . . . . . . . .  N NUMB   00A0H   A   
SDA . . . . . . . . .  N NUMB   00A1H   A   
SEC . . . . . . . . .  N NUMB   0050H   A   
SECOND. . . . . . . .  C ADDR   0160H   A   
SKIP. . . . . . . . .  C ADDR   01C9H   A   
THIRD . . . . . . . .  C ADDR   0166H   A   
THREE . . . . . . . .  C ADDR   0184H   A   
TWO . . . . . . . . .  C ADDR   017EH   A   
UNPACK. . . . . . . .  C ADDR   01CFH   A   
UP11. . . . . . . . .  C ADDR   01A4H   A   
WAIT. . . . . . . . .  C ADDR   01C1H   A   
WELCOME1. . . . . . .  C ADDR   03A3H   A   
WELCOME51 . . . . . .  C ADDR   03B2H   A   
WELCOME52 . . . . . .  C ADDR   03C2H   A   


REGISTER BANK(S) USED: 0 


ASSEMBLY COMPLETE.  0 WARNING(S), 0 ERROR(S)
